C:\Program Files\dotnet\sdk\8.0.419\Microsoft.Common.CurrentVersion.targets(2412,5): warning MSB3245: Could not resolve this reference. Could not locate the assembly "UIAutomationClient". Check to make sure the assembly exists on disk. If this reference is required by your code, you may get compilation errors. [D:\PROJECTS\Startup\prototype1\client\CodeExplainer.csproj]
C:\Program Files\dotnet\sdk\8.0.419\Microsoft.Common.CurrentVersion.targets(2412,5): warning MSB3245: Could not resolve this reference. Could not locate the assembly "UIAutomationTypes". Check to make sure the assembly exists on disk. If this reference is required by your code, you may get compilation errors. [D:\PROJECTS\Startup\prototype1\client\CodeExplainer.csproj]
C:\Program Files\dotnet\sdk\8.0.419\Microsoft.Common.CurrentVersion.targets(2412,5): warning MSB3243: No way to resolve conflict between "UIAutomationClient, Version=8.0.0.0, Culture=neutral, PublicKeyToken=31bf3856ad364e35" and "UIAutomationClient". Choosing "UIAutomationClient, Version=8.0.0.0, Culture=neutral, PublicKeyToken=31bf3856ad364e35" arbitrarily. [D:\PROJECTS\Startup\prototype1\client\CodeExplainer.csproj]
C:\Program Files\dotnet\sdk\8.0.419\Microsoft.Common.CurrentVersion.targets(2412,5): warning MSB3243: No way to resolve conflict between "UIAutomationTypes, Version=8.0.0.0, Culture=neutral, PublicKeyToken=31bf3856ad364e35" and "UIAutomationTypes". Choosing "UIAutomationTypes, Version=8.0.0.0, Culture=neutral, PublicKeyToken=31bf3856ad364e35" arbitrarily. [D:\PROJECTS\Startup\prototype1\client\CodeExplainer.csproj]
D:\PROJECTS\Startup\prototype1\client\App.xaml.cs(4,22): error CS0234: The type or namespace name 'Forms' does not exist in the namespace 'System.Windows' (are you missing an assembly reference?) [D:\PROJECTS\Startup\prototype1\client\CodeExplainer.csproj]
D:\PROJECTS\Startup\prototype1\client\AppDetector.cs(20,33): error CS0246: The type or namespace name 'Dictionary<,>' could not be found (are you missing a using directive or an assembly reference?) [D:\PROJECTS\Startup\prototype1\client\CodeExplainer.csproj]
D:\PROJECTS\Startup\prototype1\client\App.xaml.cs(11,17): error CS0246: The type or namespace name 'NotifyIcon' could not be found (are you missing a using directive or an assembly reference?) [D:\PROJECTS\Startup\prototype1\client\CodeExplainer.csproj]
D:\PROJECTS\Startup\prototype1\client\AppDetector.cs(33,33): error CS0246: The type or namespace name 'Dictionary<,>' could not be found (are you missing a using directive or an assembly reference?) [D:\PROJECTS\Startup\prototype1\client\CodeExplainer.csproj]
D:\PROJECTS\Startup\prototype1\client\AppDetector.cs(42,33): error CS0246: The type or namespace name 'HashSet<>' could not be found (are you missing a using directive or an assembly reference?) [D:\PROJECTS\Startup\prototype1\client\CodeExplainer.csproj]
D:\PROJECTS\Startup\prototype1\client\AppDetector.cs(54,33): error CS0246: The type or namespace name 'HashSet<>' could not be found (are you missing a using directive or an assembly reference?) [D:\PROJECTS\Startup\prototype1\client\CodeExplainer.csproj]
